newsyslog: logfile turned over due to size>1000K
kernel:  swap_pager_getswapspace: failed
syslogd: last message repeated 1 times
node_exporter: level=info ts=2021-12-22T06:20:44.014Z caller=node_exporter.go:182 msg="Starting node_exporter" version="(version=1.2.2, branch=release-1.2, revision=0)"
node_exporter: level=info ts=2021-12-22T06:20:44.015Z caller=node_exporter.go:183 msg="Build context" build_context="(go=go1.17.1, user=root, date=)"
node_exporter: level=info ts=2021-12-22T06:20:44.015Z caller=filesystem_common.go:110 collector=filesystem msg="Parsed flag --collector.filesystem.mount-points-exclude" flag=^/(dev)($|/)
node_exporter: level=info ts=2021-12-22T06:20:44.016Z caller=filesystem_common.go:112 collector=filesystem msg="Parsed flag --collector.filesystem.fs-types-exclude" flag=^devfs$
node_exporter: level=info ts=2021-12-22T06:20:44.016Z caller=node_exporter.go:108 msg="Enabled collectors"
node_exporter: level=info ts=2021-12-22T06:20:44.016Z caller=node_exporter.go:115 collector=boottime
node_exporter: level=info ts=2021-12-22T06:20:44.016Z caller=node_exporter.go:115 collector=cpu
node_exporter: level=info ts=2021-12-22T06:20:44.016Z caller=node_exporter.go:115 collector=exec
node_exporter: level=info ts=2021-12-22T06:20:44.016Z caller=node_exporter.go:115 collector=filesystem
node_exporter: level=info ts=2021-12-22T06:20:44.016Z caller=node_exporter.go:115 collector=loadavg
node_exporter: level=info ts=2021-12-22T06:20:44.016Z caller=node_exporter.go:115 collector=meminfo
node_exporter: level=info ts=2021-12-22T06:20:44.016Z caller=node_exporter.go:115 collector=netdev
node_exporter: level=info ts=2021-12-22T06:20:44.016Z caller=node_exporter.go:115 collector=textfile
node_exporter: level=info ts=2021-12-22T06:20:44.016Z caller=node_exporter.go:115 collector=time
node_exporter: level=info ts=2021-12-22T06:20:44.016Z caller=node_exporter.go:115 collector=uname
node_exporter: level=info ts=2021-12-22T06:20:44.016Z caller=node_exporter.go:115 collector=zfs
node_exporter: level=info ts=2021-12-22T06:20:44.016Z caller=node_exporter.go:199 msg="Listening on" address=:9100
node_exporter: level=error ts=2021-12-22T06:20:44.016Z caller=node_exporter.go:202 err="listen tcp :9100: bind: address already in use"
syslogd: last message repeated 2 times
node_exporter: ts=2021-12-22T08:32:08.589Z caller=node_exporter.go:182 level=info msg="Starting node_exporter" version="(version=1.3.1, branch=master, revision=749b1a199e29b079cc4648e2fc42e334aaf9fdca)"
node_exporter: ts=2021-12-22T08:32:08.589Z caller=node_exporter.go:183 level=info msg="Build context" build_context="(go=go1.17.1, user=root@nawagala.pdn.ac.lk, date=20211222-08:27:38)"
node_exporter: ts=2021-12-22T08:32:08.590Z caller=filesystem_common.go:111 level=info collector=filesystem msg="Parsed flag --collector.filesystem.mount-points-exclude" flag=^/(dev)($|/)
node_exporter: ts=2021-12-22T08:32:08.590Z caller=filesystem_common.go:113 level=info collector=filesystem msg="Parsed flag --collector.filesystem.fs-types-exclude" flag=^devfs$
node_exporter: ts=2021-12-22T08:32:08.591Z caller=node_exporter.go:108 level=info msg="Enabled collectors"
node_exporter: ts=2021-12-22T08:32:08.591Z caller=node_exporter.go:115 level=info collector=boottime
node_exporter: ts=2021-12-22T08:32:08.591Z caller=node_exporter.go:115 level=info collector=cpu
node_exporter: ts=2021-12-22T08:32:08.591Z caller=node_exporter.go:115 level=info collector=exec
node_exporter: ts=2021-12-22T08:32:08.591Z caller=node_exporter.go:115 level=info collector=filesystem
node_exporter: ts=2021-12-22T08:32:08.591Z caller=node_exporter.go:115 level=info collector=loadavg
node_exporter: ts=2021-12-22T08:32:08.591Z caller=node_exporter.go:115 level=info collector=meminfo
node_exporter: ts=2021-12-22T08:32:08.591Z caller=node_exporter.go:115 level=info collector=netdev
node_exporter: ts=2021-12-22T08:32:08.591Z caller=node_exporter.go:115 level=info collector=os
node_exporter: ts=2021-12-22T08:32:08.591Z caller=node_exporter.go:115 level=info collector=textfile
node_exporter: ts=2021-12-22T08:32:08.591Z caller=node_exporter.go:115 level=info collector=time
node_exporter: ts=2021-12-22T08:32:08.591Z caller=node_exporter.go:115 level=info collector=uname
node_exporter: ts=2021-12-22T08:32:08.591Z caller=node_exporter.go:115 level=info collector=zfs
node_exporter: ts=2021-12-22T08:32:08.591Z caller=node_exporter.go:199 level=info msg="Listening on" address=:9100
node_exporter: ts=2021-12-22T08:32:08.591Z caller=tls_config.go:195 level=info msg="TLS is disabled." http2=false
node_exporter: level=info ts=2021-12-22T08:41:45.298Z caller=node_exporter.go:182 msg="Starting node_exporter" version="(version=1.2.2, branch=release-1.2, revision=0)"
node_exporter: level=info ts=2021-12-22T08:41:45.298Z caller=node_exporter.go:183 msg="Build context" build_context="(go=go1.17.1, user=root, date=)"
node_exporter: level=info ts=2021-12-22T08:41:45.300Z caller=filesystem_common.go:110 collector=filesystem msg="Parsed flag --collector.filesystem.mount-points-exclude" flag=^/(dev)($|/)
node_exporter: level=info ts=2021-12-22T08:41:45.300Z caller=filesystem_common.go:112 collector=filesystem msg="Parsed flag --collector.filesystem.fs-types-exclude" flag=^devfs$
node_exporter: level=info ts=2021-12-22T08:41:45.300Z caller=node_exporter.go:108 msg="Enabled collectors"
node_exporter: level=info ts=2021-12-22T08:41:45.300Z caller=node_exporter.go:115 collector=boottime
node_exporter: level=info ts=2021-12-22T08:41:45.300Z caller=node_exporter.go:115 collector=cpu
node_exporter: level=info ts=2021-12-22T08:41:45.300Z caller=node_exporter.go:115 collector=exec
node_exporter: level=info ts=2021-12-22T08:41:45.300Z caller=node_exporter.go:115 collector=filesystem
node_exporter: level=info ts=2021-12-22T08:41:45.300Z caller=node_exporter.go:115 collector=loadavg
node_exporter: level=info ts=2021-12-22T08:41:45.300Z caller=node_exporter.go:115 collector=meminfo
node_exporter: level=info ts=2021-12-22T08:41:45.300Z caller=node_exporter.go:115 collector=netdev
node_exporter: level=info ts=2021-12-22T08:41:45.300Z caller=node_exporter.go:115 collector=textfile
node_exporter: level=info ts=2021-12-22T08:41:45.300Z caller=node_exporter.go:115 collector=time
node_exporter: level=info ts=2021-12-22T08:41:45.300Z caller=node_exporter.go:115 collector=uname
node_exporter: level=info ts=2021-12-22T08:41:45.300Z caller=node_exporter.go:115 collector=zfs
node_exporter: level=info ts=2021-12-22T08:41:45.300Z caller=node_exporter.go:199 msg="Listening on" address=:9100
node_exporter: level=info ts=2021-12-22T08:41:45.300Z caller=tls_config.go:191 msg="TLS is disabled." http2=false
pkg: swapusage-1.0.0 installed
pkg: swapexd-0.4 installed 
sshd: _secure_path: /iocage/jails/websvr1/root/usr/local/www/eng.pdn.ac.lk/.login_conf is world writable
kernel:  pid 51136 (httpd), jid 11, uid 80: exited on signal 11
kernel:  ugen0.5: <Avocent Keyboard/Mouse Function> at usbus0
kernel:  ukbd1 numa-domain 0 on uhub2
kernel:  ukbd1: <Keyboard> on usbus0
kernel:  kbd2 at ukbd1
kernel:  ums0 numa-domain 0 on uhub2
kernel:  ums0: <Mouse> on usbus0
kernel:  ums0: 3 buttons and [Z] coordinates ID=0
kernel:  ugen0.5: <Avocent Keyboard/Mouse Function> at usbus0 (disconnected)
kernel:  ukbd1: at uhub2, port 1, addr 7 (disconnected)
kernel:  ukbd1: detached
kernel:  ums0: at uhub2, port 1, addr 7 (disconnected)
kernel:  ums0: detached
pkg: postgresql11-client-11.14 deinstalled
pkg: postgresql12-client-12.9 installed
pkg: pkg reinstalled: 1.17.5 -> 1.17.5 
pkg: icinga2 upgraded: 2.11.3 -> 2.13.1 
kernel:  ukbd1: at uhub2, port 1, addr 8 (disconnected)
kernel:  ums0: at uhub2, port 1, addr 8 (disconnected)
kernel:  ukbd1: at uhub2, port 1, addr 9 (disconnected)
kernel:  ums0: at uhub2, port 1, addr 9 (disconnected)
kernel:  ukbd1: at uhub2, port 1, addr 10 (disconnected)
kernel:  ums0: at uhub2, port 1, addr 10 (disconnected)
kernel:  ukbd1: at uhub2, port 1, addr 11 (disconnected)
kernel:  ums0: at uhub2, port 1, addr 11 (disconnected)
kernel:  ukbd1: at uhub2, port 1, addr 12 (disconnected)
kernel:  ums0: at uhub2, port 1, addr 12 (disconnected)
kernel:  ukbd1: at uhub2, port 1, addr 13 (disconnected)
kernel:  ums0: at uhub2, port 1, addr 13 (disconnected)
kernel:  ukbd1: at uhub2, port 1, addr 14 (disconnected)
kernel:  ums0: at uhub2, port 1, addr 14 (disconnected)
kernel:  ukbd1: at uhub2, port 1, addr 15 (disconnected)
kernel:  ums0: at uhub2, port 1, addr 15 (disconnected)
kernel:  ukbd1: at uhub2, port 1, addr 16 (disconnected)
kernel:  ums0: at uhub2, port 1, addr 16 (disconnected)
kernel:  ukbd1: at uhub2, port 1, addr 17 (disconnected)
kernel:  ums0: at uhub2, port 1, addr 17 (disconnected)
kernel:  ukbd1: at uhub2, port 1, addr 18 (disconnected)
kernel:  ums0: at uhub2, port 1, addr 18 (disconnected)
kernel:  ukbd1: at uhub2, port 1, addr 19 (disconnected)
kernel:  ums0: at uhub2, port 1, addr 19 (disconnected)
reboot: rebooted by lorence
syslogd: exiting on signal 15
syslogd: kernel boot file is /boot/kernel/kernel
kernel: ---<<BOOT>>---
kernel: Copyright (c) 1992-2020 The FreeBSD Project.
kernel: Copyright (c) 1979, 1980, 1983, 1986, 1988, 1989, 1991, 1992, 1993, 1994
kernel: 	The Regents of the University of California. All rights reserved.
kernel: FreeBSD is a registered trademark of The FreeBSD Foundation.
kernel: FreeBSD 12.2-RELEASE-p7 GENERIC amd64
kernel: FreeBSD clang version 10.0.1 (git@github.com:llvm/llvm-project.git llvmorg-10.0.1-0-gef32c611aa2)
kernel: VT(efifb): resolution 1024x768
kernel: module_register: cannot register pci/mrsas from kernel; already loaded from mrsas.ko
kernel: Module pci/mrsas failed to register: 17
kernel: CPU: Intel(R) Xeon(R) Silver 4210 CPU @ 2.20GHz (2194.90-MHz K8-class CPU)
kernel:   Origin="GenuineIntel"  Id=0x50657  Family=0x6  Model=0x55  Stepping=7
kernel:   Features=0xbfebfbff<FPU,VME,DE,PSE,TSC,MSR,PAE,MCE,CX8,APIC,SEP,MTRR,PGE,MCA,CMOV,PAT,PSE36,CLFLUSH,DTS,ACPI,MMX,FXSR,SSE,SSE2,SS,HTT,TM,PBE>
kernel:   Features2=0x7ffefbff<SSE3,PCLMULQDQ,DTES64,MON,DS_CPL,VMX,SMX,EST,TM2,SSSE3,SDBG,FMA,CX16,xTPR,PDCM,PCID,DCA,SSE4.1,SSE4.2,x2APIC,MOVBE,POPCNT,TSCDLT,AESNI,XSAVE,OSXSAVE,AVX,F16C,RDRAND>
kernel:   AMD Features=0x2c100800<SYSCALL,NX,Page1GB,RDTSCP,LM>
kernel:   AMD Features2=0x121<LAHF,ABM,Prefetch>
kernel:   Structured Extended Features=0xd39ffffb<FSGSBASE,TSCADJ,BMI1,HLE,AVX2,FDPEXC,SMEP,BMI2,ERMS,INVPCID,RTM,PQM,NFPUSG,MPX,PQE,AVX512F,AVX512DQ,RDSEED,ADX,SMAP,CLFLUSHOPT,CLWB,PROCTRACE,AVX512CD,AVX512BW,AVX512VL>
kernel:   Structured Extended Features2=0x808<PKU,AVX512VNNI>
kernel:   Structured Extended Features3=0xbc000400<MD_CLEAR,IBPB,STIBP,L1DFL,ARCH_CAP,SSBD>
kernel:   XSAVE Features=0xf<XSAVEOPT,XSAVEC,XINUSE,XSAVES>
kernel:   IA32_ARCH_CAPS=0xab<RDCL_NO,IBRS_ALL,SKIP_L1DFL_VME,TSX_CTRL>
kernel:   VT-x: PAT,HLT,MTF,PAUSE,EPT,UG,VPID,VID,PostIntr
kernel:   TSC: P-state invariant, performance statistics
kernel: real memory  = 274869518336 (262136 MB)
kernel: avail memory = 267462311936 (255071 MB)
kernel: Event timer "LAPIC" quality 600
kernel: ACPI APIC Table: <DELL   PE_SC3  >
kernel: FreeBSD/SMP: Multiprocessor System Detected: 40 CPUs
kernel: FreeBSD/SMP: 2 package(s) x 10 core(s) x 2 hardware threads
kernel: random: unblocking device.
kernel: ioapic6: MADT APIC ID 16 != hw id 0
kernel: ioapic7: MADT APIC ID 17 != hw id 1
kernel: ioapic8: MADT APIC ID 18 != hw id 2
kernel: ioapic0 <Version 2.0> irqs 0-23 on motherboard
kernel: ioapic1 <Version 2.0> irqs 24-31 on motherboard
kernel: ioapic2 <Version 2.0> irqs 32-39 on motherboard
kernel: ioapic3 <Version 2.0> irqs 40-47 on motherboard
kernel: ioapic4 <Version 2.0> irqs 48-55 on motherboard
kernel: ioapic5 <Version 2.0> irqs 72-79 on motherboard
kernel: ioapic6 <Version 2.0> irqs 80-87 on motherboard
kernel: ioapic7 <Version 2.0> irqs 88-95 on motherboard
kernel: ioapic8 <Version 2.0> irqs 96-103 on motherboard
kernel: Launching APs: 1 29 17 18 33 16 28 15 12 14 30 7 27 35 36 3 39 10 13 4 25 5 11 24 21 31 9 6 32 8 20 26 37 34 23 2 22 38 19
kernel: Timecounter "TSC-low" frequency 1097451171 Hz quality 1000
kernel: random: entropy device external interface
kernel: kbd0 at kbdmux0
kernel: 000.000023  netmap_init               netmap: loaded module
kernel: [ath_hal] loaded
kernel: module_register_init: MOD_LOAD (vesa, 0xffffffff81115e70, 0) error 19
kernel: random: registering fast source Intel Secure Key RNG
kernel: random: fast provider: "Intel Secure Key RNG"
kernel: nexus0
kernel: efirtc0: <EFI Realtime Clock> on motherboard
kernel: efirtc0: registered as a time-of-day clock, resolution 1.000000s
kernel: cryptosoft0: <software crypto> on motherboard
kernel: acpi0: <DELL PE_SC3> on motherboard
kernel: acpi0: Power Button (fixed)
kernel: cpu0: <ACPI CPU> numa-domain 0 on acpi0
kernel: atrtc0: <AT realtime clock> port 0x70-0x71,0x74-0x77 irq 8 on acpi0
kernel: atrtc0: registered as a time-of-day clock, resolution 1.000000s
kernel: Event timer "RTC" frequency 32768 Hz quality 0
kernel: attimer0: <AT timer> port 0x40-0x43,0x50-0x53 irq 0 on acpi0
kernel: Timecounter "i8254" frequency 1193182 Hz quality 0
kernel: Event timer "i8254" frequency 1193182 Hz quality 100
kernel: hpet0: <High Precision Event Timer> iomem 0xfed00000-0xfed003ff on acpi0
kernel: Timecounter "HPET" frequency 24000000 Hz quality 950
kernel: Event timer "HPET" frequency 24000000 Hz quality 350
kernel: Event timer "HPET1" frequency 24000000 Hz quality 340
kernel: Event timer "HPET2" frequency 24000000 Hz quality 340
kernel: Event timer "HPET3" frequency 24000000 Hz quality 340
kernel: Event timer "HPET4" frequency 24000000 Hz quality 340
kernel: Event timer "HPET5" frequency 24000000 Hz quality 340
kernel: Event timer "HPET6" frequency 24000000 Hz quality 340
kernel: Event timer "HPET7" frequency 24000000 Hz quality 340
kernel: Timecounter "ACPI-fast" frequency 3579545 Hz quality 900
kernel: acpi_timer0: <24-bit timer at 3.579545MHz> port 0x508-0x50b on acpi0
kernel: acpi_syscontainer0: <System Container> on acpi0
kernel: acpi_syscontainer1: <System Container> on acpi0
kernel: apei0: <ACPI Platform Error Interface> on acpi0
kernel: pcib0: <ACPI Host-PCI bridge> port 0xcf8-0xcff numa-domain 0 on acpi0
kernel: pci0: <ACPI PCI bus> numa-domain 0 on pcib0
kernel: pci0: <dasp, performance counters> at device 8.1 (no driver attached)
kernel: pci0: <unknown> at device 17.0 (no driver attached)
kernel: ahci0: <Intel Lewisburg AHCI SATA controller> port 0x2068-0x206f,0x2074-0x2077,0x2040-0x205f mem 0x92b16000-0x92b17fff,0x92b1f000-0x92b1f0ff,0x92a80000-0x92afffff at device 17.5 numa-domain 0 on pci0
kernel: ahci0: AHCI v1.31 with 6 6Gbps ports, Port Multiplier not supported
kernel: ahcich0: <AHCI channel> at channel 0 on ahci0
kernel: ahcich1: <AHCI channel> at channel 1 on ahci0
kernel: ahcich2: <AHCI channel> at channel 2 on ahci0
kernel: ahcich3: <AHCI channel> at channel 3 on ahci0
kernel: ahcich4: <AHCI channel> at channel 4 on ahci0
kernel: ahcich5: <AHCI channel> at channel 5 on ahci0
kernel: ahciem0: <AHCI enclosure management bridge> on ahci0
kernel: xhci0: <Intel Lewisburg USB 3.0 controller> mem 0x92b00000-0x92b0ffff at device 20.0 numa-domain 0 on pci0
kernel: xhci0: 32 bytes context size, 64-bit DMA
kernel: usbus0 numa-domain 0 on xhci0
kernel: usbus0: 5.0Gbps Super Speed USB v3.0
kernel: pci0: <simple comms> at device 22.0 (no driver attached)
kernel: pci0: <simple comms> at device 22.1 (no driver attached)
kernel: pci0: <simple comms> at device 22.4 (no driver attached)
kernel: ahci1: <Intel Lewisburg AHCI SATA controller> port 0x2060-0x2067,0x2070-0x2073,0x2020-0x203f mem 0x92b14000-0x92b15fff,0x92b1e000-0x92b1e0ff,0x92a00000-0x92a7ffff at device 23.0 numa-domain 0 on pci0
kernel: ahci1: AHCI v1.31 with 8 6Gbps ports, Port Multiplier not supported
kernel: ahcich6: <AHCI channel> at channel 0 on ahci1
kernel: ahcich7: <AHCI channel> at channel 1 on ahci1
kernel: ahcich8: <AHCI channel> at channel 2 on ahci1
kernel: ahcich9: <AHCI channel> at channel 3 on ahci1
kernel: ahcich10: <AHCI channel> at channel 4 on ahci1
kernel: ahcich11: <AHCI channel> at channel 5 on ahci1
kernel: ahcich12: <AHCI channel> at channel 6 on ahci1
kernel: ahcich13: <AHCI channel> at channel 7 on ahci1
kernel: ahciem1: <AHCI enclosure management bridge> on ahci1
kernel: pcib1: <ACPI PCI-PCI bridge> at device 28.0 numa-domain 0 on pci0
kernel: pci1: <ACPI PCI bus> numa-domain 0 on pcib1
kernel: bge0: <Broadcom NetXtreme Gigabit Ethernet, ASIC rev. 0x5720000> mem 0x92930000-0x9293ffff,0x92940000-0x9294ffff,0x92950000-0x9295ffff at device 0.0 numa-domain 0 on pci1
kernel: bge0: APE FW version: NCSI v1.5.12.0
kernel: bge0: CHIP ID 0x05720000; ASIC REV 0x5720; CHIP REV 0x57200; PCI-E
kernel: miibus0: <MII bus> numa-domain 0 on bge0
kernel: brgphy0: <BCM5720C 1000BASE-T media interface> PHY 1 on miibus0
kernel: brgphy0:  10baseT, 10baseT-FDX, 100baseTX, 100baseTX-FDX, 1000baseT, 1000baseT-master, 1000baseT-FDX, 1000baseT-FDX-master, auto, auto-flow
kernel: bge0: Using defaults for TSO: 65518/35/2048
kernel: bge0: Ethernet address: bc:97:e1:45:13:32
kernel: bge1: <Broadcom NetXtreme Gigabit Ethernet, ASIC rev. 0x5720000> mem 0x92900000-0x9290ffff,0x92910000-0x9291ffff,0x92920000-0x9292ffff at device 0.1 numa-domain 0 on pci1
kernel: bge1: APE FW version: NCSI v1.5.12.0
kernel: bge1: CHIP ID 0x05720000; ASIC REV 0x5720; CHIP REV 0x57200; PCI-E
kernel: miibus1: <MII bus> numa-domain 0 on bge1
kernel: brgphy1: <BCM5720C 1000BASE-T media interface> PHY 2 on miibus1
kernel: brgphy1:  10baseT, 10baseT-FDX, 100baseTX, 100baseTX-FDX, 1000baseT, 1000baseT-master, 1000baseT-FDX, 1000baseT-FDX-master, auto, auto-flow
kernel: bge1: Using defaults for TSO: 65518/35/2048
kernel: bge1: Ethernet address: bc:97:e1:45:13:33
kernel: pcib2: <ACPI PCI-PCI bridge> at device 28.4 numa-domain 0 on pci0
kernel: pci2: <ACPI PCI bus> numa-domain 0 on pcib2
kernel: pcib3: <ACPI PCI-PCI bridge> at device 0.0 numa-domain 0 on pci2
kernel: pci3: <ACPI PCI bus> numa-domain 0 on pcib3
kernel: vgapci0: <VGA-compatible display> mem 0x91000000-0x91ffffff,0x92808000-0x9280bfff,0x92000000-0x927fffff at device 0.0 numa-domain 0 on pci3
kernel: vgapci0: Boot video device
kernel: isab0: <PCI-ISA bridge> at device 31.0 numa-domain 0 on pci0
kernel: isa0: <ISA bus> numa-domain 0 on isab0
kernel: pci0: <memory> at device 31.2 (no driver attached)
kernel: pci0: <serial bus> at device 31.5 (no driver attached)
kernel: pcib4: <ACPI Host-PCI bridge> numa-domain 0 on acpi0
kernel: pci4: <ACPI PCI bus> numa-domain 0 on pcib4
kernel: pcib5: <ACPI PCI-PCI bridge> at device 0.0 numa-domain 0 on pci4
kernel: pci5: <ACPI PCI bus> numa-domain 0 on pcib5
kernel: AVAGO MegaRAID SAS FreeBSD mrsas driver version: 07.709.04.00-fbsd
kernel: mrsas0: <AVAGO Invader SAS Controller> port 0x4000-0x40ff mem 0x9dc00000-0x9dc0ffff,0x9db00000-0x9dbfffff at device 0.0 numa-domain 0 on pci5
kernel: mrsas0: FW now in Ready state
kernel: mrsas0: Using MSI-X with 40 number of vectors
kernel: mrsas0: FW supports <96> MSIX vector,Online CPU 40 Current MSIX <40>
kernel: mrsas0: max sge: 0x46, max chain frame size: 0x400, max fw cmd: 0x39f
kernel: mrsas0: Issuing IOC INIT command to FW.
kernel: mrsas0: IOC INIT response received from FW.
kernel: mrsas0: System PD created target ID: 0x0
kernel: mrsas0: System PD created target ID: 0x1
kernel: mrsas0: System PD created target ID: 0x2
kernel: mrsas0: System PD created target ID: 0x3
kernel: mrsas0: System PD created target ID: 0x4
kernel: mrsas0: System PD created target ID: 0x5
kernel: mrsas0: System PD created target ID: 0x6
kernel: mrsas0: System PD created target ID: 0x7
kernel: mrsas0: System PD created target ID: 0x8
kernel: mrsas0: System PD created target ID: 0x9
kernel: mrsas0: System PD created target ID: 0xa
kernel: mrsas0: System PD created target ID: 0xb
kernel: mrsas0: System PD created target ID: 0xc
kernel: mrsas0: System PD created target ID: 0xd
kernel: mrsas0: System PD created target ID: 0xe
kernel: mrsas0: System PD created target ID: 0xf
kernel: mrsas0: System PD created target ID: 0x20
kernel: mrsas0: FW supports: UnevenSpanSupport=1
kernel: 
kernel: mrsas0: max_fw_cmds: 927  max_scsi_cmds: 911
kernel: mrsas0: MSI-x interrupts setup success
kernel: mrsas0: mrsas_ocr_thread
kernel: pcib6: <ACPI PCI-PCI bridge> at device 2.0 numa-domain 0 on pci4
kernel: pci6: <ACPI PCI bus> numa-domain 0 on pcib6
kernel: bnxt0: <Broadcom BCM57416 NetXtreme-E 10GBase-T Ethernet> mem 0x9da10000-0x9da1ffff,0x9d900000-0x9d9fffff,0x9da22000-0x9da23fff at device 0.0 numa-domain 0 on pci6
kernel: bnxt0: Using 256 TX descriptors and 256 RX descriptors
kernel: bnxt0: Using 1 RX queues 1 TX queues
kernel: bnxt0: Using MSI-X interrupts with 2 vectors
kernel: bnxt0: Ethernet address: bc:97:e1:45:13:34
kernel: bnxt0: netmap queues/slots: TX 1/256, RX 1/256
kernel: bnxt1: <Broadcom BCM57416 NetXtreme-E 10GBase-T Ethernet> mem 0x9da00000-0x9da0ffff,0x9d800000-0x9d8fffff,0x9da20000-0x9da21fff at device 0.1 numa-domain 0 on pci6
kernel: bnxt1: Using 256 TX descriptors and 256 RX descriptors
kernel: bnxt1: Using 1 RX queues 1 TX queues
kernel: bnxt1: Using MSI-X interrupts with 2 vectors
kernel: bnxt1: Ethernet address: bc:97:e1:45:13:35
kernel: bnxt1: netmap queues/slots: TX 1/256, RX 1/256
kernel: pcib7: <ACPI Host-PCI bridge> numa-domain 0 on acpi0
kernel: pci7: <ACPI PCI bus> numa-domain 0 on pcib7
kernel: pcib8: <ACPI Host-PCI bridge> numa-domain 0 on acpi0
kernel: pci8: <ACPI PCI bus> numa-domain 0 on pcib8
kernel: pci8: <dasp, performance counters> at device 14.0 (no driver attached)
kernel: pci8: <dasp, performance counters> at device 15.0 (no driver attached)
kernel: pci8: <dasp, performance counters> at device 18.0 (no driver attached)
kernel: pci8: <dasp, performance counters> at device 18.1 (no driver attached)
kernel: pci8: <dasp, performance counters> at device 21.1 (no driver attached)
kernel: pci8: <dasp, performance counters> at device 22.1 (no driver attached)
kernel: pci8: <dasp, performance counters> at device 22.5 (no driver attached)
kernel: pcib9: <ACPI Host-PCI bridge> numa-domain 1 on acpi0
kernel: pci9: <ACPI PCI bus> numa-domain 1 on pcib9
kernel: pci9: <dasp, performance counters> at device 8.1 (no driver attached)
kernel: pcib10: <ACPI Host-PCI bridge> numa-domain 1 on acpi0
kernel: pci10: <ACPI PCI bus> numa-domain 1 on pcib10
kernel: pcib11: <ACPI Host-PCI bridge> numa-domain 1 on acpi0
kernel: pci11: <ACPI PCI bus> numa-domain 1 on pcib11
kernel: pcib12: <ACPI Host-PCI bridge> numa-domain 1 on acpi0
kernel: pci12: <ACPI PCI bus> numa-domain 1 on pcib12
kernel: pci12: <dasp, performance counters> at device 14.0 (no driver attached)
kernel: pci12: <dasp, performance counters> at device 15.0 (no driver attached)
kernel: pci12: <dasp, performance counters> at device 18.0 (no driver attached)
kernel: pci12: <dasp, performance counters> at device 18.1 (no driver attached)
kernel: pci12: <dasp, performance counters> at device 21.1 (no driver attached)
kernel: pci12: <dasp, performance counters> at device 22.1 (no driver attached)
kernel: pci12: <dasp, performance counters> at device 22.5 (no driver attached)
kernel: uart1: <16550 or compatible> port 0x2f8-0x2ff irq 3 on acpi0
kernel: uart0: <16550 or compatible> port 0x3f8-0x3ff irq 4 flags 0x10 on acpi0
kernel: orm0: <ISA Option ROM> at iomem 0xed800-0xf17ff pnpid ORM0000 on isa0
kernel: vga0: <Generic ISA VGA> at port 0x3b0-0x3bb iomem 0xb0000-0xb7fff pnpid PNP0900 on isa0
kernel: est0: <Enhanced SpeedStep Frequency Control> numa-domain 0 on cpu0
kernel: est: CPU supports Enhanced Speedstep, but is not recognized.
kernel: est: cpu_vendor GenuineIntel, msr 19a000001b00
kernel: device_attach: est0 attach returned 6
kernel: device_attach: est1 attach returned 6
kernel: device_attach: est2 attach returned 6
kernel: est: cpu_vendor GenuineIntel, msr 19a400001b00
kernel: device_attach: est3 attach returned 6
kernel: device_attach: est4 attach returned 6
kernel: device_attach: est5 attach returned 6
kernel: device_attach: est6 attach returned 6
kernel: device_attach: est7 attach returned 6
kernel: device_attach: est8 attach returned 6
kernel: device_attach: est9 attach returned 6
kernel: device_attach: est10 attach returned 6
kernel: device_attach: est11 attach returned 6
kernel: device_attach: est12 attach returned 6
kernel: device_attach: est13 attach returned 6
kernel: device_attach: est14 attach returned 6
kernel: device_attach: est15 attach returned 6
kernel: device_attach: est16 attach returned 6
kernel: device_attach: est17 attach returned 6
kernel: device_attach: est18 attach returned 6
kernel: device_attach: est19 attach returned 6
kernel: device_attach: est20 attach returned 6
kernel: device_attach: est21 attach returned 6
kernel: device_attach: est22 attach returned 6
kernel: device_attach: est23 attach returned 6
kernel: device_attach: est24 attach returned 6
kernel: device_attach: est25 attach returned 6
kernel: device_attach: est26 attach returned 6
kernel: device_attach: est27 attach returned 6
kernel: device_attach: est28 attach returned 6
kernel: device_attach: est29 attach returned 6
kernel: device_attach: est30 attach returned 6
kernel: device_attach: est31 attach returned 6
kernel: device_attach: est32 attach returned 6
kernel: device_attach: est33 attach returned 6
kernel: device_attach: est34 attach returned 6
kernel: device_attach: est35 attach returned 6
kernel: device_attach: est36 attach returned 6
kernel: device_attach: est37 attach returned 6
kernel: device_attach: est38 attach returned 6
kernel: device_attach: est39 attach returned 6
kernel: ZFS filesystem version: 5
kernel: ZFS storage pool version: features support 
kernel: Timecounters tick every 1.000 msec
kernel: ipfw2 (+ipv6) initialized, divert loadable, nat loadable, default to accept, logging disabled
kernel: ugen0.1: <0x8086 XHCI root HUB> at usbus0
kernel: mrsas0: Disestablish mrsas intr hook
kernel: Trying to mount root from zfs:zroot/ROOT/default []...
kernel: Root mount waiting for:uhub0:  CAM<0x8086 XHCI root HUB, class 9/0, rev 3.00/1.00, addr 1> on usbus0
kernel:  usbus0
kernel: ses0 at ahciem0 bus 0 scbus6 target 0 lun 0
kernel: ses0: <AHCI SGPIO Enclosure 2.00 0001> SEMB S-E-S 2.00 device
kernel: ses0: SEMB SES Device
kernel: ses1 at ahciem1 bus 0 scbus15 target 0 lun 0
kernel: ses1: <AHCI SGPIO Enclosure 2.00 0001> SEMB S-E-S 2.00 device
kernel: ses1: SEMB SES Device
kernel: ses2 at mrsas0 bus 1 scbus17 target 32 lun 0
kernel: ses2: <DP BP14G+EXP 2.46> Fixed Enclosure Services SPC-4 SCSI device
kernel: ses2: 150.000MB/s transfers
kernel: ses2: SES Device
kernel: ses1: pass1,cd0 in 'Slot 07', SATA Slot: scbus14 target 0
kernel: ses2: pass3,da0 in 'Drive Slot 0', SAS Slot: 2 phys at slot 0
kernel: ses2:  phy 0: SATA device
kernel: ses2:  phy 0: parent 500056b3ac09c9ff addr 500056b3ac09c9c0
kernel: ses2:  phy 1: SAS device type 0 phy 0
kernel: ses2:  phy 1: parent 0 addr 0
kernel: ses2: pass4,da1 in 'Drive Slot 1', SAS Slot: 2 phys at slot 1
kernel: ses2:  phy 0: parent 500056b3ac09c9ff addr 500056b3ac09c9c1
kernel: ses2: pass5,da2 in 'Drive Slot 2', SAS Slot: 2 phys at slot 2
kernel: ses2:  phy 0: parent 500056b3ac09c9ff addr 500056b3ac09c9c2
kernel: ses2: pass6,da3 in 'Drive Slot 3', SAS Slot: 2 phys at slot 3
kernel: ses2:  phy 0: SAS device type 1 phy 0 Target ( SSP )
kernel: ses2:  phy 0: parent 500056b3ac09c9ff addr 50000399f892606e
kernel: ses2: pass7,da4 in 'Drive Slot 4', SAS Slot: 2 phys at slot 4
kernel: ses2:  phy 0: parent 500056b3ac09c9ff addr 50000399f892dce2
kernel: ses2: pass8,da5 in 'Drive Slot 5', SAS Slot: 2 phys at slot 5
kernel: ses2:  phy 0: parent 500056b3ac09c9ff addr 50000399f8926bc2
kernel: da0 at mrsas0 bus 1 scbus17 target 0 lun 0
kernel: da0: <ATA MZ7LH480HAHQ0D3 HE57> Fixed Direct Access SPC-4 SCSI device
kernel: da0: Serial Number S5E6NA0N222165
kernel: da0: 150.000MB/s transfers
kernel: da0: 457862MB (937703088 512 byte sectors)
kernel: da0: quirks=0x8<4K>
kernel: da1 at mrsas0 bus 1 scbus17 target 1 lun 0
kernel: da1: <ATA MZ7LH480HAHQ0D3 HE57> Fixed Direct Access SPC-4 SCSI device
kernel: da1: Serial Number S5E6NA0N222167
kernel: da1: 150.000MB/s transfers
kernel: da1: 457862MB (937703088 512 byte sectors)
kernel: da1: quirks=0x8<4K>
kernel: da2 at mrsas0 bus 1 scbus17 target 2 lun 0
kernel: da2: <ATA MZ7LH480HAHQ0D3 HE57> Fixed Direct Access SPC-4 SCSI device
kernel: da2: Serial Number S5E6NA0N222316
kernel: da2: 150.000MB/s transfers
kernel: da2: 457862MB (937703088 512 byte sectors)
kernel: da2: quirks=0x8<4K>
kernel: ses2: pass9,da6 in 'Drive Slot 6', SAS Slot: 2 phys at slot 6
kernel: ses2:  phy 0: parent 500056b3ac09c9ff addr 50000399f892f2ba
kernel: ses2: pass10,da7 in 'Drive Slot 7', SAS Slot: 2 phys at slot 7
kernel: ses2:  phy 0: parent 500056b3ac09c9ff addr 50000399f89266f6
kernel: ses2: pass11,da8 in 'Drive Slot 8', SAS Slot: 2 phys at slot 8
kernel: ses2:  phy 0: parent 500056b3ac09c9ff addr 50000399f8926b1a
kernel: da3 at mrsas0 bus 1 scbus17 target 3 lun 0
kernel: da3: <TOSHIBA AL15SEB24EQY EF05> Fixed Direct Access SPC-4 SCSI device
kernel: da3: Serial Number 20P0A19LFQYF
kernel: da3: 150.000MB/s transfers
kernel: da3: 2289272MB (4688430768 512 byte sectors, DIF type 2)
kernel: da4 at mrsas0 bus 1 scbus17 target 4 lun 0
kernel: da4: <TOSHIBA AL15SEB24EQY EF05> Fixed Direct Access SPC-4 SCSI device
kernel: da4: Serial Number 20P0A1L5FQYF
kernel: da4: 150.000MB/s transfers
kernel: da4: 2289272MB (4688430768 512 byte sectors, DIF type 2)
kernel: da5 at mrsas0 bus 1 scbus17 target 5 lun 0
kernel: da5: <TOSHIBA AL15SEB24EQY EF05> Fixed Direct Access SPC-4 SCSI device
kernel: da5: Serial Number 20P0A1AEFQYF
kernel: da5: 150.000MB/s transfers
kernel: da5: 2289272MB (4688430768 512 byte sectors, DIF type 2)
kernel: ses2: pass12,da9 in 'Drive Slot 9', SAS Slot: 2 phys at slot 9
kernel: ses2:  phy 0: parent 500056b3ac09c9ff addr 50000399f892f4e6
kernel: ses2: pass13,da10 in 'Drive Slot 10', SAS Slot: 2 phys at slot 10
kernel: ses2:  phy 0: parent 500056b3ac09c9ff addr 50000399f89268ea
kernel: ses2: pass14,da11 in 'Drive Slot 11', SAS Slot: 2 phys at slot 11
kernel: ses2:  phy 0: parent 500056b3ac09c9ff addr 50000399f892e3be
kernel: ses2: pass15,da12 in 'Drive Slot 12', SAS Slot: 2 phys at slot 12
kernel: da12 at mrsas0 bus 1 scbus17 target 12 lun 0
kernel: da12: <TOSHIBA AL15SEB24EQY EF05> Fixed Direct Access SPC-4 SCSI device
kernel: da12: Serial Number 20P0A1ACFQYF
kernel: da12: 150.000MB/s transfers
kernel: da12: 2289272MB (4688430768 512 byte sectors, DIF type 2)
kernel: ses2:  phy 0: parent 500056b3ac09c9ff addr 50000399f8926b2a
kernel: da13 at mrsas0 bus 1 scbus17 target 13 lun 0
kernel: da13: <TOSHIBA AL15SEB24EQY EF05> Fixed Direct Access SPC-4 SCSI device
kernel: da13: Serial Number 20P0A1A2FQYF
kernel: da13: 150.000MB/s transfers
kernel: da13: 2289272MB (4688430768 512 byte sectors, DIF type 2)
kernel: ses2: pass16,da13 in 'Drive Slot 13', SAS Slot: 2 phys at slot 13
kernel: ses2:  phy 0: parent 500056b3ac09c9ff addr 50000399f8926776
kernel: ses2: pass17,da14 in 'Drive Slot 14', SAS Slot: 2 phys at slot 14
kernel: ses2:  phy 0: parent 500056b3ac09c9ff addr 50000399f8926472
kernel: ses2: pass18,da15 in 'Drive Slot 15', SAS Slot: 2 phys at slot 15
kernel: ses2:  phy 0: parent 500056b3ac09c9ff addr 50000399f892dc0e
kernel: da7 at mrsas0 bus 1 scbus17 target 7 lun 0
kernel: da7: <TOSHIBA AL15SEB24EQY EF05> Fixed Direct Access SPC-4 SCSI device
kernel: da7: Serial Number 20P0A1A0FQYF
kernel: da7: 150.000MB/s transfers
kernel: da7: 2289272MB (4688430768 512 byte sectors, DIF type 2)
kernel: da8 at mrsas0 bus 1 scbus17 target 8 lun 0
kernel: da8: <TOSHIBA AL15SEB24EQY EF05> Fixed Direct Access SPC-4 SCSI device
kernel: da8: Serial Number 20P0A1ABFQYF
kernel: da8: 150.000MB/s transfers
kernel: da8: 2289272MB (4688430768 512 byte sectors, DIF type 2)
kernel: da9 at mrsas0 bus 1 scbus17 target 9 lun 0
kernel: da9: <TOSHIBA AL15SEB24EQY EF05> Fixed Direct Access SPC-4 SCSI device
kernel: da9: Serial Number 20P0A1WQFQYF
kernel: da9: 150.000MB/s transfers
kernel: da9: 2289272MB (4688430768 512 byte sectors, DIF type 2)
kernel: da6 at mrsas0 bus 1 scbus17 target 6 lun 0
kernel: da6: <TOSHIBA AL15SEB24EQY EF05> Fixed Direct Access SPC-4 SCSI device
kernel: da6: Serial Number 20P0A1WGFQYF
kernel: da6: 150.000MB/s transfers
kernel: da6: 2289272MB (4688430768 512 byte sectors, DIF type 2)
kernel: da14 at mrsas0 bus 1 scbus17 target 14 lun 0
kernel: da14: <TOSHIBA AL15SEB24EQY EF05> Fixed Direct Access SPC-4 SCSI device
kernel: da14: Serial Number 20P0A19XFQYF
kernel: da14: 150.000MB/s transfers
kernel: da14: 2289272MB (4688430768 512 byte sectors, DIF type 2)
kernel: da15 at mrsas0 bus 1 scbus17 target 15 lun 0
kernel: da15: <TOSHIBA AL15SEB24EQY EF05> Fixed Direct Access SPC-4 SCSI device
kernel: da15: Serial Number 20P0A1KVFQYF
kernel: da15: 150.000MB/s transfers
kernel: da15: 2289272MB (4688430768 512 byte sectors, DIF type 2)
kernel: da11 at mrsas0 bus 1 scbus17 target 11 lun 0
kernel: da11: <TOSHIBA AL15SEB24EQY EF05> Fixed Direct Access SPC-4 SCSI device
kernel: da11: Serial Number 20P0A1PQFQYF
kernel: da11: 150.000MB/s transfers
kernel: da11: 2289272MB (4688430768 512 byte sectors, DIF type 2)
kernel: da10 at mrsas0 bus 1 scbus17 target 10 lun 0
kernel: da10: <TOSHIBA AL15SEB24EQY EF05> Fixed Direct Access SPC-4 SCSI device
kernel: da10: Serial Number 20P0A1A5FQYF
kernel: da10: 150.000MB/s transfers
kernel: da10: 2289272MB (4688430768 512 byte sectors, DIF type 2)
kernel: cd0 at ahcich13 bus 0 scbus14 target 0 lun 0
kernel: cd0: <PLDS DVD+-RW DU-8A5LH 6D5M> Removable CD-ROM SCSI device
kernel: cd0: Serial Number 2WXYCPLC0001I53VSA01
kernel: cd0: 150.000MB/s transfers (SATA 1.x, UDMA6, ATAPI 12bytes, PIO 8192bytes)
kernel: cd0: 867MB (444340 2048 byte sectors)
kernel: uhub0: 26 ports with 26 removable, self powered
kernel: usb_alloc_device: set address 2 failed (USB_ERR_IOERROR, ignored)
kernel: usbd_setup_device_desc: getting device descriptor at addr 2 failed, USB_ERR_IOERROR
kernel: usbd_req_re_enumerate: addr=2, set address failed! (USB_ERR_IOERROR, ignored)
kernel: ugen0.2: <Unknown > at usbus0 (disconnected)
kernel: uhub_reattach_port: could not allocate new device
kernel: Root mount waiting for: usbus0
kernel: ugen0.2: <vendor 0x04f3 product 0x0103> at usbus0
kernel: ukbd0 numa-domain 0 on uhub0
kernel: ukbd0: <vendor 0x04f3 product 0x0103, class 0/0, rev 1.10/1.05, addr 2> on usbus0
kernel: kbd1 at ukbd0
kernel: ugen0.3: <vendor 0x1604 product 0x10c0> at usbus0
kernel: uhub1 numa-domain 0 on uhub0
kernel: uhub1: <vendor 0x1604 product 0x10c0, class 9/0, rev 2.00/0.00, addr 3> on usbus0
kernel: uhub1: 4 ports with 4 removable, self powered
kernel: ugen0.4: <vendor 0x1604 product 0x10c0> at usbus0
kernel: uhub2 numa-domain 0 on uhub1
kernel: uhub2: <vendor 0x1604 product 0x10c0, class 9/0, rev 2.00/0.00, addr 4> on usbus0
kernel: uhub2: 4 ports with 4 removable, self powered
kernel: ugen0.5: <Avocent Keyboard/Mouse Function> at usbus0
kernel: ukbd1 numa-domain 0 on uhub2
kernel: ukbd1: <Keyboard> on usbus0
kernel: kbd2 at ukbd1
kernel: ugen0.6: <vendor 0x1604 product 0x10c0> at usbus0
kernel: uhub3 numa-domain 0 on uhub1
kernel: uhub3: <vendor 0x1604 product 0x10c0, class 9/0, rev 2.00/0.00, addr 6> on usbus0
kernel: uhub3: 4 ports with 4 removable, self powered
kernel:  lo0: link state changed to UP
kernel:  bnxt0: Link is UP full duplex, FC - receive & transmit - 1000 Mbps 
kernel:  bnxt0: link state changed to UP
kernel:  bnxt1: Link is UP full duplex, FC - receive & transmit - 1000 Mbps 
kernel:  bnxt1: link state changed to UP
kernel:  uhid0 numa-domain 0 on uhub0
kernel:  uhid0: <vendor 0x04f3 product 0x0103, class 0/0, rev 1.10/1.05, addr 2> on usbus0
kernel:  pflog0: promiscuous mode enabled
root: /etc/rc: WARNING: devfs_set_ruleset: you must specify a ruleset number
root: /etc/rc: WARNING: devfs_apply_ruleset: you must specify a ruleset
ntpd: ntpd 4.2.8p12-a : Starting
kernel:  Security policy loaded: MAC/ntpd (mac_ntpd)
ntpd: Command line: /usr/sbin/ntpd -p /var/db/ntp/ntpd.pid -c /etc/ntp.conf -f /var/db/ntp/ntpd.drift
ntpd: ----------------------------------------------------
ntpd: ntp-4 is maintained by Network Time Foundation,
ntpd: Inc. (NTF), a non-profit 501(c) public-benefit
ntpd: corporation.  Support and training for ntp-4 are
ntpd: available at https://www.nwtime.org/support
ntpd: leapsecond file ('/var/db/ntpd.leap-seconds.list'): good hash signature
ntpd: leapsecond file ('/var/db/ntpd.leap-seconds.list'): loaded, expire=2022-06-28T00:00:00Z last=2017-01-01T00:00:00Z ofs=37
root: /etc/rc: WARNING: $sshguard_enable is not set properly - see rc.conf.
node_exporter: level=info ts=2021-12-25T17:54:48.316Z caller=node_exporter.go:182 msg="Starting node_exporter" version="(version=1.2.2, branch=release-1.2, revision=0)"
node_exporter: level=info ts=2021-12-25T17:54:48.316Z caller=node_exporter.go:183 msg="Build context" build_context="(go=go1.17.1, user=root, date=)"
node_exporter: level=info ts=2021-12-25T17:54:48.318Z caller=filesystem_common.go:110 collector=filesystem msg="Parsed flag --collector.filesystem.mount-points-exclude" flag=^/(dev)($|/)
node_exporter: level=info ts=2021-12-25T17:54:48.318Z caller=filesystem_common.go:112 collector=filesystem msg="Parsed flag --collector.filesystem.fs-types-exclude" flag=^devfs$
node_exporter: level=info ts=2021-12-25T17:54:48.318Z caller=node_exporter.go:108 msg="Enabled collectors"
node_exporter: level=info ts=2021-12-25T17:54:48.318Z caller=node_exporter.go:115 collector=boottime
node_exporter: level=info ts=2021-12-25T17:54:48.318Z caller=node_exporter.go:115 collector=cpu
node_exporter: level=info ts=2021-12-25T17:54:48.318Z caller=node_exporter.go:115 collector=exec
node_exporter: level=info ts=2021-12-25T17:54:48.318Z caller=node_exporter.go:115 collector=filesystem
node_exporter: level=info ts=2021-12-25T17:54:48.318Z caller=node_exporter.go:115 collector=loadavg
node_exporter: level=info ts=2021-12-25T17:54:48.318Z caller=node_exporter.go:115 collector=meminfo
node_exporter: level=info ts=2021-12-25T17:54:48.318Z caller=node_exporter.go:115 collector=netdev
node_exporter: level=info ts=2021-12-25T17:54:48.318Z caller=node_exporter.go:115 collector=textfile
node_exporter: level=info ts=2021-12-25T17:54:48.318Z caller=node_exporter.go:115 collector=time
node_exporter: level=info ts=2021-12-25T17:54:48.318Z caller=node_exporter.go:115 collector=uname
node_exporter: level=info ts=2021-12-25T17:54:48.318Z caller=node_exporter.go:115 collector=zfs
node_exporter: level=info ts=2021-12-25T17:54:48.318Z caller=node_exporter.go:199 msg="Listening on" address=:9100
node_exporter: level=info ts=2021-12-25T17:54:48.318Z caller=tls_config.go:191 msg="TLS is disabled." http2=false
kernel: CPU: Intel(R) Xeon(R) Silver 4210 CPU @ 2.20GHz (2194.92-MHz K8-class CPU)
kernel: Launching APs: 1 29 17 23 39 14 25 19 32 30 18 22 16 27 10 3 5 13 28 31 38 37 15 24 34 12 35 20 2 21 9 6 11 33 7 4 26 36 8
kernel: Timecounter "TSC-low" frequency 1097458556 Hz quality 1000
kernel: est: cpu_vendor GenuineIntel, msr 19a800001b00
kernel: Root mount waiting for: CAM usbus0
kernel: uhub0: <0x8086 XHCI root HUB, class 9/0, rev 3.00/1.00, addr 1> on usbus0
ntpd: ntpd 4.2.8p15-a : Starting
ntpd: line 105 column 0 syntax error, unexpected T_String, expecting $end
ntpd: syntax error in /etc/ntp.conf line 105, column 0
ntpd: line 109 column 7 syntax error, unexpected '=', expecting $end
ntpd: syntax error in /etc/ntp.conf line 109, column 7
ntpd: line 119 column 0 syntax error, unexpected T_String, expecting $end
ntpd: syntax error in /etc/ntp.conf line 119, column 0
root: /etc/rc: WARNING: failed precmd routine for sshd
node_exporter: level=info ts=2021-12-25T18:09:41.677Z caller=node_exporter.go:182 msg="Starting node_exporter" version="(version=1.2.2, branch=release-1.2, revision=0)"
node_exporter: level=info ts=2021-12-25T18:09:41.678Z caller=node_exporter.go:183 msg="Build context" build_context="(go=go1.17.1, user=root, date=)"
node_exporter: level=info ts=2021-12-25T18:09:41.679Z caller=filesystem_common.go:110 collector=filesystem msg="Parsed flag --collector.filesystem.mount-points-exclude" flag=^/(dev)($|/)
node_exporter: level=info ts=2021-12-25T18:09:41.679Z caller=filesystem_common.go:112 collector=filesystem msg="Parsed flag --collector.filesystem.fs-types-exclude" flag=^devfs$
node_exporter: level=info ts=2021-12-25T18:09:41.680Z caller=node_exporter.go:108 msg="Enabled collectors"
node_exporter: level=info ts=2021-12-25T18:09:41.680Z caller=node_exporter.go:115 collector=boottime
node_exporter: level=info ts=2021-12-25T18:09:41.680Z caller=node_exporter.go:115 collector=cpu
node_exporter: level=info ts=2021-12-25T18:09:41.680Z caller=node_exporter.go:115 collector=exec
node_exporter: level=info ts=2021-12-25T18:09:41.680Z caller=node_exporter.go:115 collector=filesystem
node_exporter: level=info ts=2021-12-25T18:09:41.680Z caller=node_exporter.go:115 collector=loadavg
node_exporter: level=info ts=2021-12-25T18:09:41.680Z caller=node_exporter.go:115 collector=meminfo
node_exporter: level=info ts=2021-12-25T18:09:41.680Z caller=node_exporter.go:115 collector=netdev
node_exporter: level=info ts=2021-12-25T18:09:41.680Z caller=node_exporter.go:115 collector=textfile
node_exporter: level=info ts=2021-12-25T18:09:41.680Z caller=node_exporter.go:115 collector=time
node_exporter: level=info ts=2021-12-25T18:09:41.680Z caller=node_exporter.go:115 collector=uname
node_exporter: level=info ts=2021-12-25T18:09:41.680Z caller=node_exporter.go:115 collector=zfs
node_exporter: level=info ts=2021-12-25T18:09:41.680Z caller=node_exporter.go:199 msg="Listening on" address=:9100
node_exporter: level=info ts=2021-12-25T18:09:41.680Z caller=tls_config.go:191 msg="TLS is disabled." http2=false
lorence: /usr/sbin/service: WARNING: $ is not set properly - see rc.conf.
lorence: /usr/sbin/service: WARNING: $tpmd_enable is not set properly - see rc.conf.
lorence: /usr/sbin/service: WARNING: $tcsd_enable is not set properly - see rc.conf.
lorence: /usr/sbin/service: WARNING: $svnserve_enable is not set properly - see rc.conf.
lorence: /usr/sbin/service: WARNING: $swapexd_enable is not set properly - see rc.conf.
lorence: /usr/sbin/service: WARNING: $sshguard_enable is not set properly - see rc.conf.
lorence: /usr/sbin/service: WARNING: $snmptrapd_enable is not set properly - see rc.conf.
lorence: /usr/sbin/service: WARNING: $rsyncd_enable is not set properly - see rc.conf.
lorence: /usr/sbin/service: WARNING: $icinga2_enable is not set properly - see rc.conf.
lorence: /usr/sbin/service: WARNING: $atop_enable is not set properly - see rc.conf.
kernel:  ukbd1: at uhub2, port 1, addr 5 (disconnected)
kernel:  ums0: at uhub2, port 1, addr 5 (disconnected)
ZFS: vdev state changed, pool_guid=$17243324507134627735 vdev_guid=$9456758699139177473
ZFS: vdev state changed, pool_guid=$17243324507134627735 vdev_guid=$14153122109265911551
ZFS: vdev state changed, pool_guid=$17243324507134627735 vdev_guid=$7466376004938371087
ZFS: vdev state changed, pool_guid=$17243324507134627735 vdev_guid=$14086220307949384749
ZFS: vdev state changed, pool_guid=$17243324507134627735 vdev_guid=$2153248817757199694
ZFS: vdev state changed, pool_guid=$17243324507134627735 vdev_guid=$7070356629830541187
ZFS: vdev state changed, pool_guid=$17243324507134627735 vdev_guid=$2087748338076871856
ZFS: vdev state changed, pool_guid=$17243324507134627735 vdev_guid=$15936891956876249589
ZFS: vdev state changed, pool_guid=$17243324507134627735 vdev_guid=$6165952107779132313
ZFS: vdev state changed, pool_guid=$17243324507134627735 vdev_guid=$16093412904640812144
ZFS: vdev state changed, pool_guid=$17243324507134627735 vdev_guid=$15110070747463399837
ZFS: vdev state changed, pool_guid=$17243324507134627735 vdev_guid=$18243372231404290173
ZFS: vdev state changed, pool_guid=$17243324507134627735 vdev_guid=$2598477575572434451
ZFS: vdev state changed, pool_guid=$17243324507134627735 vdev_guid=$1254954304996604909
ZFS: vdev state changed, pool_guid=$4575018216067991905 vdev_guid=$17911207457365762835
ZFS: vdev state changed, pool_guid=$4575018216067991905 vdev_guid=$4671339826970712861
sshd: _secure_path: /iocage/jails/websvr1/root/usr/local/www/eng.pdn.ac.lk/civil/.login_conf is world writable
newsyslog: logfile turned over
